
Gurobi 13.0.2 (win64) logging started Wed Sep 23 21:55:04 2026

Set parameter LogFile to value "results/exact_local_case300_continue\gurobi.log"
Set parameter LogToConsole to value 1
Gurobi Optimizer version 13.0.2 build v13.0.2rc1 (win64 - Windows 10.0 (19045.2))

CPU model: Intel(R) Core(TM) i7-1065G7 CPU @ 1.30GHz, instruction set [SSE2|AVX|AVX2|AVX512]
Thread count: 4 physical cores, 8 logical processors, using up to 8 threads

Non-default parameters:
MIPGap  0.001
Seed  2026

Optimize a model with 1278031 rows, 423465 columns and 2984924 nonzeros (Min)
Model fingerprint: 0xf8b1bb51
Model has 118113 linear objective coefficients
Variable types: 423175 continuous, 290 integer (290 binary)
Coefficient statistics:
  Matrix range     [5e-01, 6e+06]
  Objective range  [9e+02, 1e+09]
  Bounds range     [1e+00, 3e+00]
  RHS range        [1e-01, 3e+08]

Processing user MIP start: 0 nodes explored in subMIP, total elapsed time 5s
Processing user MIP start: 0 nodes explored in subMIP, total elapsed time 10s
Processing user MIP start: 0 nodes explored in subMIP, total elapsed time 15s
Processing user MIP start: 0 nodes explored in subMIP, total elapsed time 21s
Processing user MIP start: 0 nodes explored in subMIP, total elapsed time 25s
Processing user MIP start: 0 nodes explored in subMIP, total elapsed time 30s
Processing user MIP start: 0 nodes explored in subMIP, total elapsed time 35s
User MIP start produced solution with objective 2.44489e+10 (38.58s)
User MIP start produced solution with objective 2.44489e+10 (38.72s)
Loaded user MIP start with objective 2.44489e+10
Processed MIP start in 38.74 seconds (15.22 work units)

Presolve removed 673776 rows and 116713 columns (presolve time = 5s)...
Presolve removed 673776 rows and 116713 columns
Presolve time: 5.34s
Presolved: 604255 rows, 306752 columns, 1946396 nonzeros
Variable types: 306462 continuous, 290 integer (290 binary)

Deterministic concurrent LP optimizer: primal simplex, dual simplex, and barrier
Showing barrier log only...

Root barrier log...

Ordering time: 2.95s

Barrier statistics:
 Dense cols : 290
 AA' NZ     : 7.838e+06
 Factor NZ  : 3.784e+07 (roughly 700 MB of memory)
 Factor Ops : 6.154e+09 (less than 1 second per iteration)
 Threads    : 2

                  Objective                Residual
Iter       Primal          Dual         Primal    Dual     Compl     Time
   0   9.33475401e+14 -2.10158063e+14  2.12e+06 1.22e+06  6.73e+10    52s
   1   7.68942639e+14 -2.83056089e+14  1.75e+06 1.08e-05  5.92e+10    53s
   2   7.99315868e+12 -2.76355845e+14  1.67e+04 6.68e-06  8.15e+08    54s
   3   1.26424541e+12 -1.00937716e+14  1.51e+03 2.74e-06  1.27e+08    56s
   4   5.72434612e+11 -3.08322084e+13  4.33e+01 5.02e-06  2.97e+07    58s
   5   2.77194949e+11 -3.60437176e+12  2.54e+00 3.01e-06  3.61e+06    59s
   6   1.36913600e+11 -1.55687105e+12  9.83e-01 1.73e-06  1.57e+06    61s
   7   1.12484613e+11 -1.16327216e+12  7.77e-01 1.37e-06  1.19e+06    62s
   8   9.12589727e+10 -8.41538810e+11  6.07e-01 1.05e-06  8.67e+05    63s
   9   7.15272886e+10 -6.41158926e+11  4.30e-01 7.33e-07  6.62e+05    64s
  10   5.68772506e+10 -3.35449488e+11  2.99e-01 4.87e-07  3.65e+05    65s
  11   4.46779593e+10 -1.84431222e+11  1.82e-01 2.02e-07  2.13e+05    67s
  12   3.68511348e+10 -7.78330884e+10  1.07e-01 8.74e-08  1.07e+05    68s
  13   3.44227246e+10 -3.14558814e+10  8.53e-02 1.23e-07  6.12e+04    70s
  14   3.24082076e+10 -1.96169725e+10  6.85e-02 3.52e-07  4.84e+04    71s
  15   3.02433486e+10 -1.08116787e+10  5.17e-02 3.45e-07  3.82e+04    72s
  16   2.87946127e+10 -1.62104702e+09  4.25e-02 1.49e-07  2.83e+04    73s
  17   2.79018114e+10  2.78036307e+09  3.74e-02 6.97e-08  2.33e+04    75s
  18   2.66648003e+10  8.98679003e+09  2.92e-02 5.23e-08  1.64e+04    76s
  19   2.55535484e+10  1.16827727e+10  2.19e-02 4.30e-08  1.29e+04    78s
  20   2.45796275e+10  1.38436279e+10  1.64e-02 7.65e-08  9.98e+03    79s
  21   2.39841499e+10  1.51519600e+10  1.31e-02 1.13e-07  8.21e+03    81s
  22   2.35955069e+10  1.62058091e+10  1.10e-02 4.85e-08  6.87e+03    83s
  23   2.31674111e+10  1.77466546e+10  8.68e-03 3.49e-09  5.04e+03    84s
  24   2.28389026e+10  1.83123187e+10  6.91e-03 3.44e-09  4.21e+03    86s
  25   2.25577482e+10  1.89903001e+10  5.42e-03 3.60e-09  3.32e+03    88s
  26   2.23703869e+10  1.94593992e+10  4.43e-03 3.25e-09  2.71e+03    89s
  27   2.21913707e+10  1.99413393e+10  3.52e-03 3.13e-09  2.09e+03    91s
  28   2.20793458e+10  2.01140250e+10  2.93e-03 3.40e-09  1.83e+03    92s
  29   2.20577950e+10  2.02704178e+10  2.82e-03 3.73e-09  1.66e+03    94s
  30   2.19823434e+10  2.04706748e+10  2.43e-03 3.73e-09  1.40e+03    96s
  31   2.19315363e+10  2.05898621e+10  2.16e-03 9.79e-09  1.25e+03    97s
  32   2.18499504e+10  2.06889607e+10  1.74e-03 7.62e-08  1.08e+03    99s
  33   2.17985307e+10  2.08265001e+10  1.47e-03 3.44e-07  9.03e+02   100s
  34   2.17366325e+10  2.09693328e+10  1.15e-03 1.71e-07  7.13e+02   102s
  35   2.16985256e+10  2.10386399e+10  9.53e-04 1.38e-07  6.13e+02   103s
  36   2.16650116e+10  2.10969178e+10  7.84e-04 1.68e-07  5.28e+02   105s
  37   2.16397656e+10  2.11946306e+10  6.56e-04 1.96e-07  4.14e+02   106s
  38   2.16107011e+10  2.12164570e+10  5.14e-04 4.51e-09  3.66e+02   108s
  39   2.15896694e+10  2.12848876e+10  4.10e-04 7.74e-08  2.83e+02   110s
  40   2.15785376e+10  2.13395981e+10  3.56e-04 2.49e-07  2.22e+02   111s
  41   2.15679458e+10  2.13668440e+10  3.05e-04 3.34e-07  1.87e+02   113s
  42   2.15547064e+10  2.13947697e+10  2.43e-04 3.37e-07  1.49e+02   114s
  43   2.15470294e+10  2.14216827e+10  2.06e-04 1.80e-07  1.17e+02   116s
  44   2.15339998e+10  2.14483862e+10  1.43e-04 4.86e-07  7.96e+01   117s
  45   2.15300447e+10  2.14576848e+10  1.24e-04 2.79e-07  6.73e+01   119s
  46   2.15235430e+10  2.14656728e+10  9.27e-05 8.45e-07  5.38e+01   121s
  47   2.15186486e+10  2.14788617e+10  6.93e-05 5.49e-07  3.70e+01   123s
  48   2.15149486e+10  2.14803679e+10  5.21e-05 5.14e-07  3.21e+01   128s
  49   2.15132303e+10  2.14905620e+10  4.40e-05 2.92e-07  2.11e+01   132s
  50   2.15098280e+10  2.14933323e+10  7.14e-05 2.30e-07  1.53e+01   137s
  51   2.15088901e+10  2.14977594e+10  8.26e-05 1.32e-07  1.03e+01   142s
  52   2.15074182e+10  2.14998627e+10  1.11e-04 8.29e-08  7.02e+00   147s
  53   2.15059552e+10  2.15010634e+10  4.71e-04 6.18e-08  4.55e+00   152s
  54   2.15048015e+10  2.15024811e+10  3.91e-04 3.19e-08  2.16e+00   157s
  55   2.15046521e+10  2.15032206e+10  3.53e-04 1.41e-08  1.33e+00   160s
  56   2.15042377e+10  2.15035225e+10  1.38e-04 7.27e-09  6.65e-01   163s
  57   2.15041198e+10  2.15037019e+10  8.03e-05 5.09e-09  3.89e-01   166s
  58   2.15041017e+10  2.15037591e+10  7.53e-05 1.31e-08  3.18e-01   169s
  59   2.15040821e+10  2.15038565e+10  7.24e-05 5.75e-09  2.10e-01   171s
  60   2.15040705e+10  2.15038668e+10  7.08e-05 3.76e-08  1.89e-01   174s
  61   2.15039844e+10  2.15039112e+10  4.54e-05 1.98e-08  6.81e-02   178s
  62   2.15039548e+10  2.15039437e+10  2.86e-05 6.69e-08  1.04e-02   183s
  63   2.15039521e+10  2.15039495e+10  9.77e-06 4.94e-08  2.39e-03   186s
  64   2.15039521e+10  2.15039503e+10  9.77e-06 9.19e-02  2.38e-03   187s
  65   2.15039521e+10  2.15039509e+10  9.79e-06 1.67e-01  2.39e-03   188s
  66   2.15039516e+10  2.15039513e+10  5.97e-06 6.11e-03  3.37e-04   190s
  67   2.15039516e+10  2.15039513e+10  5.97e-06 1.09e-02  3.37e-04   192s
  68   2.15039516e+10  2.15039514e+10  5.97e-06 2.10e-02  3.37e-04   194s
  69   2.15039516e+10  2.15039513e+10  5.97e-06 1.30e-02  3.37e-04   196s

Barrier solved model in 69 iterations and 196.09 seconds (90.77 work units)
Optimal objective 2.15039516e+10


Root crossover log...

   91410 DPushes remaining with DInf 0.0000000e+00               197s
   23167 DPushes remaining with DInf 0.0000000e+00               244s
   21091 DPushes remaining with DInf 0.0000000e+00               247s
   19858 DPushes remaining with DInf 0.0000000e+00               250s
   19474 DPushes remaining with DInf 0.0000000e+00               255s
   18925 DPushes remaining with DInf 0.0000000e+00               264s
   18537 DPushes remaining with DInf 0.0000000e+00               269s
   18151 DPushes remaining with DInf 0.0000000e+00               275s
   17767 DPushes remaining with DInf 0.0000000e+00               280s
   17383 DPushes remaining with DInf 0.0000000e+00               286s
   16995 DPushes remaining with DInf 0.0000000e+00               292s
   16610 DPushes remaining with DInf 0.0000000e+00               298s
   16225 DPushes remaining with DInf 0.0000000e+00               305s
   15843 DPushes remaining with DInf 0.0000000e+00               310s
   15456 DPushes remaining with DInf 0.0000000e+00               315s
   15070 DPushes remaining with DInf 0.0000000e+00               321s
   14687 DPushes remaining with DInf 0.0000000e+00               326s
   14278 DPushes remaining with DInf 0.0000000e+00               331s
   13817 DPushes remaining with DInf 0.0000000e+00               338s
   13363 DPushes remaining with DInf 0.0000000e+00               345s
   12955 DPushes remaining with DInf 0.0000000e+00               350s
   12573 DPushes remaining with DInf 0.0000000e+00               353s
   12190 DPushes remaining with DInf 0.0000000e+00               356s
   11810 DPushes remaining with DInf 0.0000000e+00               361s
   11046 DPushes remaining with DInf 0.0000000e+00               369s
   10666 DPushes remaining with DInf 0.0000000e+00               373s
   10284 DPushes remaining with DInf 0.0000000e+00               377s
    9914 DPushes remaining with DInf 0.0000000e+00               382s
    9544 DPushes remaining with DInf 0.0000000e+00               386s
    9160 DPushes remaining with DInf 0.0000000e+00               390s
    8387 DPushes remaining with DInf 0.0000000e+00               399s
    8005 DPushes remaining with DInf 0.0000000e+00               403s
    7622 DPushes remaining with DInf 0.0000000e+00               407s
    7237 DPushes remaining with DInf 0.0000000e+00               412s
    6852 DPushes remaining with DInf 0.0000000e+00               416s
    6469 DPushes remaining with DInf 0.0000000e+00               420s
    5707 DPushes remaining with DInf 0.0000000e+00               428s
    5325 DPushes remaining with DInf 0.0000000e+00               433s
    4945 DPushes remaining with DInf 0.0000000e+00               437s
    4565 DPushes remaining with DInf 0.0000000e+00               441s
    4185 DPushes remaining with DInf 0.0000000e+00               446s
    3805 DPushes remaining with DInf 0.0000000e+00               450s
    3045 DPushes remaining with DInf 0.0000000e+00               459s
    2665 DPushes remaining with DInf 0.0000000e+00               463s
    2285 DPushes remaining with DInf 0.0000000e+00               467s
    1905 DPushes remaining with DInf 0.0000000e+00               471s
    1523 DPushes remaining with DInf 0.0000000e+00               476s
     761 DPushes remaining with DInf 0.0000000e+00               483s
     379 DPushes remaining with DInf 0.0000000e+00               488s
       0 DPushes remaining with DInf 0.0000000e+00               491s

   17419 PPushes remaining with PInf 1.0081356e-01               491s
    5846 PPushes remaining with PInf 5.2104749e-02               498s
    4723 PPushes remaining with PInf 6.7206578e-03               500s
    1107 PPushes remaining with PInf 8.4960123e-04               505s
       0 PPushes remaining with PInf 0.0000000e+00               507s

  Push phase complete: Pinf 0.0000000e+00, Dinf 4.2397954e+02    507s


Root simplex log...

Iteration    Objective       Primal Inf.    Dual Inf.      Time
   69717    2.1503952e+10   0.000000e+00   4.239795e+02    507s
   69763    2.1503952e+10   0.000000e+00   0.000000e+00    508s
Crossover time: 311.56 seconds (130.51 work units)
   69767    2.1503952e+10   0.000000e+00   0.000000e+00    510s

Extra simplex iterations after uncrush: 4
Waiting for other threads to finish...         699s
Waiting for other threads to finish...         887s
Concurrent spin time: 441.55s (can be avoided by choosing Method=3)

Solved with barrier

Root relaxation: objective 2.150395e+10, 69767 iterations, 906.42 seconds (197.15 work units)

    Nodes    |    Current Node    |     Objective Bounds      |     Work
 Expl Unexpl |  Obj  Depth IntInf | Incumbent    BestBd   Gap | It/Node Time

     0     0 2.1504e+10    0   46 2.4449e+10 2.1504e+10  12.0%     -  960s
     0     0 2.1873e+10    0   48 2.4449e+10 2.1873e+10  10.5%     - 1850s
     0     0 2.1878e+10    0   51 2.4449e+10 2.1878e+10  10.5%     - 2596s
     0     0 2.1888e+10    0   50 2.4449e+10 2.1888e+10  10.5%     - 3301s
     0     0 2.1906e+10    0   51 2.4449e+10 2.1906e+10  10.4%     - 3417s
     0     0 2.1952e+10    0   51 2.4449e+10 2.1952e+10  10.2%     - 3547s
     0     0 2.1969e+10    0   51 2.4449e+10 2.1969e+10  10.1%     - 3870s
     0     0 2.1982e+10    0   50 2.4449e+10 2.1982e+10  10.1%     - 4061s
     0     0 2.1982e+10    0   49 2.4449e+10 2.1982e+10  10.1%     - 4220s
     0     0 2.1982e+10    0   49 2.4449e+10 2.1982e+10  10.1%     - 4429s
     0     0 2.2096e+10    0   49 2.4449e+10 2.2096e+10  9.63%     - 4878s
     0     0 2.2117e+10    0   47 2.4449e+10 2.2117e+10  9.54%     - 5355s
     0     0 2.2117e+10    0   48 2.4449e+10 2.2117e+10  9.54%     - 5594s
     0     0 2.2133e+10    0   49 2.4449e+10 2.2133e+10  9.47%     - 5639s
     0     0 2.2133e+10    0   51 2.4449e+10 2.2133e+10  9.47%     - 5677s
     0     0 2.2190e+10    0   45 2.4449e+10 2.2190e+10  9.24%     - 6675s
     0     0 2.2198e+10    0   52 2.4449e+10 2.2198e+10  9.20%     - 7632s
     0     0 2.2199e+10    0   50 2.4449e+10 2.2199e+10  9.20%     - 7847s
     0     0 2.2200e+10    0   51 2.4449e+10 2.2200e+10  9.20%     - 8082s
     0     0 2.2200e+10    0   52 2.4449e+10 2.2200e+10  9.20%     - 8269s
     0     0 2.2229e+10    0   54 2.4449e+10 2.2229e+10  9.08%     - 8629s
     0     0 2.2237e+10    0   52 2.4449e+10 2.2237e+10  9.05%     - 9377s
     0     0 2.2237e+10    0   52 2.4449e+10 2.2237e+10  9.05%     - 9576s
     0     0 2.2256e+10    0   50 2.4449e+10 2.2256e+10  8.97%     - 10221s
     0     0 2.2256e+10    0   49 2.4449e+10 2.2256e+10  8.97%     - 10392s
     0     0 2.2266e+10    0   49 2.4449e+10 2.2266e+10  8.93%     - 10712s
     0     0 2.2272e+10    0   50 2.4449e+10 2.2272e+10  8.90%     - 10955s
     0     0 2.2272e+10    0   50 2.4449e+10 2.2272e+10  8.90%     - 11109s
     0     0 2.2279e+10    0   51 2.4449e+10 2.2279e+10  8.88%     - 11361s
     0     0 2.2280e+10    0   49 2.4449e+10 2.2280e+10  8.87%     - 12046s
     0     0 2.2281e+10    0   48 2.4449e+10 2.2281e+10  8.87%     - 12260s
     0     0 2.2281e+10    0   49 2.4449e+10 2.2281e+10  8.87%     - 12398s
     0     0 2.2281e+10    0   49 2.4449e+10 2.2281e+10  8.87%     - 12591s
     0     0 2.2281e+10    0   49 2.4449e+10 2.2281e+10  8.87%     - 13141s
     0     0 2.2281e+10    0   49 2.4449e+10 2.2281e+10  8.87%     - 13150s
     0     0 2.2281e+10    0   50 2.4449e+10 2.2281e+10  8.87%     - 13159s
     0     0 2.2281e+10    0   50 2.4449e+10 2.2281e+10  8.87%     - 13258s
     0     0 2.2281e+10    0   50 2.4449e+10 2.2281e+10  8.87%     - 13300s
     0     0 2.2281e+10    0   49 2.4449e+10 2.2281e+10  8.87%     - 13321s
     0     0 2.2281e+10    0   49 2.4449e+10 2.2281e+10  8.87%     - 13692s
     0     2 2.2281e+10    0   49 2.4449e+10 2.2281e+10  8.87%     - 14744s
     1     3 2.2329e+10    1   51 2.4449e+10 2.2281e+10  8.87% 90189 15169s
     2     5 2.2332e+10    2   48 2.4449e+10 2.2281e+10  8.87% 55280 15427s
     4     7 2.2395e+10    3   48 2.4449e+10 2.2299e+10  8.79% 41721 15974s
     6    11 2.2441e+10    4   51 2.4449e+10 2.2299e+10  8.79% 45461 16658s
    10    15 2.2493e+10    5   56 2.4449e+10 2.2299e+10  8.79% 52749 17399s
    14    16 2.2697e+10    6   44 2.4449e+10 2.2299e+10  8.79% 45241 17850s
    15    18 2.2409e+10    2   57 2.4449e+10 2.2300e+10  8.79% 44476 19904s
    17    19 2.2558e+10    3   52 2.4449e+10 2.2329e+10  8.67% 42885 20918s
    18    20 2.2487e+10    3   58 2.4449e+10 2.2329e+10  8.67% 45409 23853s
    19    22 2.2576e+10    3   56 2.4449e+10 2.2329e+10  8.67% 43965 25414s
    21    24 2.2723e+10    5   54 2.4449e+10 2.2329e+10  8.67% 45597 26921s
    23    27 2.2777e+10    6   52 2.4449e+10 2.2329e+10  8.67% 45692 28307s
    26    34 2.3191e+10    3   43 2.4449e+10 2.2406e+10  8.35% 51735 31146s
    33    40 2.3224e+10    4   44 2.4449e+10 2.2406e+10  8.35% 47027 32409s
    39    44 2.3265e+10    5   44 2.4449e+10 2.2406e+10  8.35% 44921 33641s
    43    48 2.3543e+10    7   44 2.4449e+10 2.2406e+10  8.35% 46534 34869s
    47    57 2.3671e+10    8   47 2.4449e+10 2.2406e+10  8.35% 45731 36157s
    56    63 2.3706e+10   10   44 2.4449e+10 2.2406e+10  8.35% 43996 37306s
    62    71 2.3851e+10   12   44 2.4449e+10 2.2406e+10  8.35% 42045 38471s
    70    77 2.3959e+10   13   44 2.4449e+10 2.2406e+10  8.35% 40573 39675s
    76    85 2.3959e+10   14   43 2.4449e+10 2.2406e+10  8.35% 39670 40663s
    84    93 2.4084e+10   15   43 2.4449e+10 2.2406e+10  8.35% 38587 41580s
    92   104 2.3851e+10   13   43 2.4449e+10 2.2406e+10  8.35% 37075 42457s
   103   108 2.4056e+10   16   41 2.4449e+10 2.2406e+10  8.35% 34640 43260s
   107   110 2.4118e+10   17   41 2.4449e+10 2.2406e+10  8.35% 34444 44024s
   109   117 2.4213e+10   18   39 2.4449e+10 2.2406e+10  8.35% 34847 44846s
   116   119 2.4123e+10   18   41 2.4449e+10 2.2406e+10  8.35% 33682 45526s
   118   125 2.4231e+10   19   43 2.4449e+10 2.2406e+10  8.35% 33527 46445s
   124   136 2.4232e+10   20   42 2.4449e+10 2.2406e+10  8.35% 32928 47898s
   135   141 2.4270e+10   22   39 2.4449e+10 2.2406e+10  8.35% 32268 48942s
   140   146 2.4271e+10   23   38 2.4449e+10 2.2406e+10  8.35% 31547 50049s
   145   158     cutoff   23      2.4449e+10 2.2406e+10  8.35% 31308 51144s
   159   160     cutoff   26      2.4449e+10 2.2406e+10  8.35% 30661 52268s
   163   172 2.4269e+10   42   42 2.4449e+10 2.2406e+10  8.35% 30954 53522s
   175   199 2.4384e+10   47   39 2.4449e+10 2.2406e+10  8.35% 29832 54417s
   202   206 2.4400e+10   56   33 2.4449e+10 2.2406e+10  8.35% 26548 55635s
   216   226     cutoff   57      2.4449e+10 2.2406e+10  8.35% 25278 56689s
   238   229     cutoff   68      2.4449e+10 2.2442e+10  8.21% 23549 57835s
   249   230 2.2662e+10    4   55 2.4449e+10 2.2442e+10  8.21% 24096 59252s
   262   234 2.2667e+10    6   52 2.4449e+10 2.2442e+10  8.21% 23896 60861s
   272   241 2.2870e+10    8   49 2.4449e+10 2.2442e+10  8.21% 24183 62288s
   283   247 2.3010e+10   12   45 2.4449e+10 2.2442e+10  8.21% 24382 64046s
   291   255 2.3140e+10   15   44 2.4449e+10 2.2442e+10  8.21% 24461 65513s
   301   263 2.3183e+10   19   44 2.4449e+10 2.2442e+10  8.21% 24693 67037s
   311   270 2.3253e+10   23   41 2.4449e+10 2.2442e+10  8.21% 24971 68742s
   320   281 2.3385e+10   26   44 2.4449e+10 2.2442e+10  8.21% 25560 70393s
   331   292 2.3387e+10   28   45 2.4449e+10 2.2442e+10  8.21% 25622 72156s
   342   301 2.3419e+10   32   43 2.4449e+10 2.2442e+10  8.21% 25809 73874s
   358   305 2.3670e+10   35   40 2.4449e+10 2.2442e+10  8.21% 25739 75861s
   364   307     cutoff   21      2.4449e+10 2.2487e+10  8.02% 26023 77797s
   368   314 2.3659e+10   34   42 2.4449e+10 2.2487e+10  8.02% 26099 79812s
   375   319 2.4189e+10   16   42 2.4449e+10 2.2487e+10  8.02% 26006 81606s
   380   330 2.4339e+10   18   39 2.4449e+10 2.2487e+10  8.02% 26155 83510s
H  385   261                    2.427100e+10 2.2487e+10  7.35% 26182 83510s
   391   264     cutoff   20      2.4271e+10 2.2487e+10  7.35% 26084 86016s
   400   273 2.4005e+10   22   42 2.4271e+10 2.2487e+10  7.35% 26043 87986s
   409   288 2.4213e+10   23   43 2.4271e+10 2.2487e+10  7.35% 26152 90543s
   424   293 2.4268e+10   25   43 2.4271e+10 2.2487e+10  7.35% 25836 92635s
H  430   282                    2.423721e+10 2.2487e+10  7.22% 26095 92636s
   431   289     cutoff   24      2.4237e+10 2.2487e+10  7.22% 26110 95332s
   443   300 2.3887e+10   11   48 2.4237e+10 2.2487e+10  7.22% 26089 97300s
   454   322 2.3922e+10   12   47 2.4237e+10 2.2487e+10  7.22% 25835 99284s
   478   331 2.4131e+10   14   41 2.4237e+10 2.2487e+10  7.22% 25261 101376s
   493   348 2.4136e+10   15   40 2.4237e+10 2.2487e+10  7.22% 24883 103406s
   510   351 2.4198e+10   20   40 2.4237e+10 2.2487e+10  7.22% 24743 105477s
   517   356     cutoff   22      2.4237e+10 2.2487e+10  7.22% 24882 107592s
   530   373     cutoff   20      2.4237e+10 2.2487e+10  7.22% 24662 110601s
   551   427 2.3674e+10   21   45 2.4237e+10 2.2487e+10  7.22% 24564 113029s
   605   445 2.3838e+10   31   39 2.4237e+10 2.2487e+10  7.22% 23732 116486s
   639   475 2.3934e+10   40   41 2.4237e+10 2.2487e+10  7.22% 23994 119604s
   669   505 2.4067e+10   48   42 2.4237e+10 2.2487e+10  7.22% 24102 123071s
H  673   493                    2.420379e+10 2.2487e+10  7.09% 24214 123071s
H  675   489                    2.417344e+10 2.2487e+10  6.98% 24313 123071s
   699   516     cutoff   51      2.4173e+10 2.2487e+10  6.98% 23792 126220s
   733   548 2.3597e+10   34   42 2.4173e+10 2.2487e+10  6.98% 23661 129514s
   769   598 2.3741e+10   39   40 2.4173e+10 2.2487e+10  6.98% 23775 138156s
   825   639 2.3785e+10   42   45 2.4173e+10 2.2487e+10  6.98% 23215 143533s
   874   690 2.3805e+10   45   43 2.4173e+10 2.2487e+10  6.98% 23043 146448s
   925   718 2.3862e+10   52   37 2.4173e+10 2.2487e+10  6.98% 22321 150941s
   979   740 2.4033e+10   57   36 2.4173e+10 2.2487e+10  6.98% 22231 155701s
  1013   775     cutoff   62      2.4173e+10 2.2493e+10  6.95% 22896 160313s
  1054   811 2.2641e+10    7   52 2.4173e+10 2.2493e+10  6.95% 23083 165791s
  1098   848 2.2993e+10   18   48 2.4173e+10 2.2493e+10  6.95% 23603 171109s
  1137   888 2.3729e+10   28   38 2.4173e+10 2.2493e+10  6.95% 24318 177077s
H 1179   861                    2.414295e+10 2.2493e+10  6.84% 24770 232231s
  1180   862 2.2877e+10   10   49 2.4143e+10 2.2493e+10  6.84% 24749 242998s
  1182   863 2.3686e+10   45   45 2.4143e+10 2.2493e+10  6.84% 24707 244706s
