
Gurobi 13.0.2 (win64) logging started Tue Sep 22 21:32:08 2026

Set parameter LogFile to value "results/exact_local_case300\gurobi.log"
Set parameter LogToConsole to value 1
Gurobi Optimizer version 13.0.2 build v13.0.2rc1 (win64 - Windows 10.0 (19045.2))

CPU model: Intel(R) Core(TM) i7-1065G7 CPU @ 1.30GHz, instruction set [SSE2|AVX|AVX2|AVX512]
Thread count: 4 physical cores, 8 logical processors, using up to 8 threads

Non-default parameters:
TimeLimit  86400
MIPGap  0.001
Seed  2026

Optimize a model with 1278031 rows, 423465 columns and 2984924 nonzeros (Min)
Model fingerprint: 0xd1a7f6fd
Model has 118113 linear objective coefficients
Variable types: 423175 continuous, 290 integer (290 binary)
Coefficient statistics:
  Matrix range     [5e-01, 6e+06]
  Objective range  [9e+02, 1e+09]
  Bounds range     [1e+00, 3e+00]
  RHS range        [1e-01, 3e+08]

Presolve removed 673776 rows and 116713 columns (presolve time = 5s)...
Presolve removed 673776 rows and 116713 columns
Presolve time: 6.36s
Presolved: 604255 rows, 306752 columns, 1946396 nonzeros
Variable types: 306462 continuous, 290 integer (290 binary)

Deterministic concurrent LP optimizer: primal simplex, dual simplex, and barrier
Showing barrier log only...

Root barrier log...

Elapsed ordering time = 5s
Ordering time: 6.05s

Barrier statistics:
 Dense cols : 290
 AA' NZ     : 7.838e+06
 Factor NZ  : 3.784e+07 (roughly 700 MB of memory)
 Factor Ops : 6.154e+09 (less than 1 second per iteration)
 Threads    : 1

                  Objective                Residual
Iter       Primal          Dual         Primal    Dual     Compl     Time
   0   9.33475401e+14 -2.10158063e+14  2.12e+06 1.22e+06  6.73e+10    24s
   1   7.68942639e+14 -2.83056089e+14  1.75e+06 1.01e-05  5.92e+10    27s
   2   7.99315868e+12 -2.76355845e+14  1.67e+04 7.15e-06  8.15e+08    30s
   3   1.26424541e+12 -1.00937716e+14  1.51e+03 4.44e-06  1.27e+08    35s
   4   5.72434612e+11 -3.08322084e+13  4.33e+01 5.69e-06  2.97e+07    41s
   5   2.48613792e+11 -2.98097616e+12  2.03e+00 2.15e-06  3.00e+06    46s
   6   1.23596450e+11 -1.22997460e+12  8.74e-01 1.04e-06  1.26e+06    50s
   7   8.89246958e+10 -7.42156473e+11  5.83e-01 5.67e-07  7.73e+05    54s
   8   6.29613173e+10 -4.54574204e+11  3.53e-01 3.50e-07  4.81e+05    57s
   9   5.01214636e+10 -2.77834125e+11  2.30e-01 2.01e-07  3.05e+05    60s
  10   4.26559679e+10 -1.62309764e+11  1.58e-01 1.12e-07  1.91e+05    63s
  11   3.76686690e+10 -9.51152783e+10  1.12e-01 8.24e-08  1.23e+05    66s
  12   3.39422574e+10 -5.22846114e+10  7.88e-02 1.43e-07  8.01e+04    68s
  13   3.17984868e+10 -2.30731159e+10  6.13e-02 4.20e-08  5.10e+04    71s
  14   2.97036717e+10 -7.18754953e+09  4.64e-02 1.33e-07  3.43e+04    75s
  15   2.85002285e+10  2.38226076e+09  3.86e-02 8.66e-08  2.43e+04    79s
  16   2.74120406e+10  3.95330078e+09  3.22e-02 9.45e-08  2.18e+04    83s
  17   2.67765524e+10  6.63943928e+09  2.80e-02 9.10e-08  1.87e+04    87s
  18   2.58134146e+10  9.29921815e+09  2.18e-02 1.45e-07  1.53e+04    91s
  19   2.47730142e+10  1.02668834e+10  1.60e-02 1.02e-07  1.35e+04    94s
  20   2.43890111e+10  1.43240696e+10  1.41e-02 7.69e-08  9.35e+03    97s
  21   2.37280914e+10  1.53310858e+10  1.08e-02 2.44e-08  7.80e+03   100s
  22   2.34731807e+10  1.63893331e+10  9.53e-03 4.56e-09  6.58e+03   103s
  23   2.30049074e+10  1.74791940e+10  7.16e-03 3.74e-09  5.14e+03   106s
  24   2.26924014e+10  1.81394657e+10  5.56e-03 3.20e-09  4.23e+03   111s
  25   2.24896082e+10  1.88246225e+10  4.55e-03 3.17e-09  3.41e+03   114s
  26   2.22651111e+10  1.94192758e+10  3.48e-03 3.86e-09  2.64e+03   118s
  27   2.21471085e+10  1.97958142e+10  2.92e-03 3.73e-09  2.19e+03   122s
  28   2.20456752e+10  2.00522972e+10  2.44e-03 3.40e-09  1.85e+03   126s
  29   2.19441034e+10  2.02022004e+10  1.97e-03 4.83e-08  1.62e+03   129s
  30   2.18601513e+10  2.03902766e+10  1.58e-03 1.20e-07  1.37e+03   133s
  31   2.18175624e+10  2.05003433e+10  1.39e-03 1.48e-07  1.22e+03   136s
  32   2.17669355e+10  2.06764389e+10  1.15e-03 1.25e-07  1.01e+03   139s
  33   2.16951326e+10  2.08177262e+10  8.14e-04 7.36e-08  8.15e+02   142s
  34   2.16865007e+10  2.08809807e+10  7.75e-04 1.29e-07  7.49e+02   148s
  35   2.16643568e+10  2.09817342e+10  6.77e-04 9.91e-08  6.34e+02   153s
  36   2.16430606e+10  2.10234455e+10  5.82e-04 1.39e-07  5.76e+02   157s
  37   2.16278077e+10  2.10971403e+10  5.14e-04 1.22e-07  4.93e+02   162s
  38   2.15838366e+10  2.11577950e+10  3.22e-04 1.02e-07  3.96e+02   165s
  39   2.15689933e+10  2.12177537e+10  2.58e-04 2.08e-07  3.26e+02   169s
  40   2.15602414e+10  2.12539491e+10  2.22e-04 2.14e-07  2.85e+02   172s
  41   2.15554946e+10  2.12806545e+10  2.03e-04 7.93e-07  2.55e+02   176s
  42   2.15490040e+10  2.13096117e+10  1.76e-04 7.90e-07  2.22e+02   179s
  43   2.15388618e+10  2.13598728e+10  1.34e-04 5.28e-07  1.66e+02   182s
  44   2.15333070e+10  2.13821086e+10  1.12e-04 2.42e-07  1.41e+02   186s
  45   2.15265163e+10  2.14217992e+10  8.47e-05 1.50e-06  9.73e+01   189s
  46   2.15241971e+10  2.14281422e+10  7.56e-05 1.39e-06  8.93e+01   192s
  47   2.15185305e+10  2.14500576e+10  5.35e-05 1.61e-06  6.36e+01   195s
  48   2.15145748e+10  2.14587972e+10  3.88e-05 1.34e-06  5.18e+01   202s
  49   2.15101958e+10  2.14745388e+10  2.76e-05 8.61e-07  3.31e+01   210s
  50   2.15090424e+10  2.14771183e+10  1.97e-05 7.83e-07  2.97e+01   219s
  51   2.15082365e+10  2.14852650e+10  1.80e-05 5.47e-07  2.13e+01   228s
  52   2.15071407e+10  2.14894194e+10  6.50e-05 4.22e-07  1.65e+01   237s
  53   2.15068527e+10  2.14928606e+10  7.88e-05 3.19e-07  1.30e+01   246s
  54   2.15061746e+10  2.14951080e+10  1.02e-04 2.53e-07  1.03e+01   254s
  55   2.15057287e+10  2.14968807e+10  7.68e-05 2.02e-07  8.22e+00   263s
  56   2.15053593e+10  2.14987080e+10  6.48e-05 1.48e-07  6.18e+00   272s
  57   2.15048906e+10  2.15010755e+10  4.18e-05 8.11e-08  3.55e+00   280s
  58   2.15044554e+10  2.15025201e+10  3.71e-05 4.34e-08  1.80e+00   289s
  59   2.15042267e+10  2.15032850e+10  2.21e-05 1.98e-08  8.75e-01   297s
  60   2.15040842e+10  2.15035263e+10  5.33e-05 1.22e-08  5.19e-01   305s
  61   2.15040405e+10  2.15036788e+10  3.63e-05 8.00e-09  3.36e-01   310s
  62   2.15039867e+10  2.15037686e+10  1.42e-05 4.12e-09  2.03e-01   315s
  63   2.15039699e+10  2.15038626e+10  9.23e-06 9.03e-09  9.98e-02   320s
  64   2.15039608e+10  2.15039273e+10  5.04e-06 3.09e-08  3.11e-02   325s
  65   2.15039535e+10  2.15039428e+10  1.72e-06 1.05e-08  1.00e-02   330s
  66   2.15039523e+10  2.15039489e+10  1.12e-06 6.24e-07  3.17e-03   334s
  67   2.15039523e+10  2.15039489e+10  1.06e-06 2.79e-02  2.98e-03   337s
  68   2.15039523e+10  2.15039478e+10  1.06e-06 1.38e-01  2.98e-03   339s
  69   2.15039520e+10  2.15039497e+10  1.44e-06 5.78e-02  1.68e-03   342s
  70   2.15039520e+10  2.15039500e+10  1.36e-06 6.63e-02  1.68e-03   344s
  71   2.15039516e+10  2.15039509e+10  7.70e-06 2.06e-02  7.66e-04   347s
  72   2.15039516e+10  2.15039509e+10  7.67e-06 2.32e-02  7.64e-04   350s
  73   2.15039516e+10  2.15039508e+10  7.67e-06 3.30e-02  7.64e-04   353s
  74   2.15039516e+10  2.15039510e+10  5.05e-06 2.23e-02  5.98e-04   358s
  75   2.15039515e+10  2.15039515e+10  9.14e-07 3.16e-04  9.01e-06   361s
  76   2.15039515e+10  2.15039515e+10  9.12e-07 1.65e-02  8.92e-06   364s

Barrier solved model in 76 iterations and 364.43 seconds (97.59 work units)
Optimal objective 2.15039515e+10


Root crossover log...

  328120 variables added to crossover basis                      365s

   82301 DPushes remaining with DInf 0.0000000e+00               366s
    4721 DPushes remaining with DInf 0.0000000e+00               403s
    1593 DPushes remaining with DInf 0.0000000e+00               406s
     739 DPushes remaining with DInf 0.0000000e+00               411s
       0 DPushes remaining with DInf 0.0000000e+00               416s

    3681 PPushes remaining with PInf 3.2396293e-04               416s
       0 PPushes remaining with PInf 0.0000000e+00               422s

  Push phase complete: Pinf 0.0000000e+00, Dinf 2.6357262e-04    422s


Root simplex log...

Iteration    Objective       Primal Inf.    Dual Inf.      Time
   42683    2.1503952e+10   0.000000e+00   2.446600e-04    423s
   42685    2.1503952e+10   0.000000e+00   0.000000e+00    423s
Crossover time: 58.62 seconds (15.25 work units)
   42687    2.1503952e+10   0.000000e+00   0.000000e+00    426s

Extra simplex iterations after uncrush: 2
Concurrent spin time: 142.40s (can be avoided by choosing Method=3)

Solved with barrier

Root relaxation: objective 2.150395e+10, 42687 iterations, 560.37 seconds (103.40 work units)

    Nodes    |    Current Node    |     Objective Bounds      |     Work
 Expl Unexpl |  Obj  Depth IntInf | Incumbent    BestBd   Gap | It/Node Time

     0     0 2.1504e+10    0   46          - 2.1504e+10      -     -  574s
H    0     0                    6.338256e+10 2.1504e+10  66.1%     -  677s
     0     0 2.1828e+10    0   53 6.3383e+10 2.1828e+10  65.6%     - 1340s
     0     0 2.1834e+10    0   53 6.3383e+10 2.1834e+10  65.6%     - 1828s
     0     0 2.1835e+10    0   53 6.3383e+10 2.1835e+10  65.6%     - 1894s
     0     0 2.1865e+10    0   53 6.3383e+10 2.1865e+10  65.5%     - 1914s
     0     0 2.1865e+10    0   53 6.3383e+10 2.1865e+10  65.5%     - 2303s
     0     0 2.1882e+10    0   52 6.3383e+10 2.1882e+10  65.5%     - 2455s
     0     0 2.1882e+10    0   52 6.3383e+10 2.1882e+10  65.5%     - 2712s
     0     0 2.1937e+10    0   46 6.3383e+10 2.1937e+10  65.4%     - 3013s
H    0     0                    2.739240e+10 2.1937e+10  19.9%     - 3105s
     0     0 2.1957e+10    0   50 2.7392e+10 2.1957e+10  19.8%     - 3258s
     0     0 2.1957e+10    0   52 2.7392e+10 2.1957e+10  19.8%     - 3339s
     0     0 2.1957e+10    0   49 2.7392e+10 2.1957e+10  19.8%     - 4085s
     0     0 2.1959e+10    0   50 2.7392e+10 2.1959e+10  19.8%     - 4186s
     0     0 2.1959e+10    0   50 2.7392e+10 2.1959e+10  19.8%     - 4282s
     0     0 2.2034e+10    0   47 2.7392e+10 2.2034e+10  19.6%     - 4727s
     0     0 2.2060e+10    0   49 2.7392e+10 2.2060e+10  19.5%     - 5105s
     0     0 2.2061e+10    0   48 2.7392e+10 2.2061e+10  19.5%     - 5155s
     0     0 2.2078e+10    0   48 2.7392e+10 2.2078e+10  19.4%     - 5259s
     0     0 2.2078e+10    0   47 2.7392e+10 2.2078e+10  19.4%     - 5689s
     0     0 2.2139e+10    0   47 2.7392e+10 2.2139e+10  19.2%     - 6177s
H    0     0                    2.658256e+10 2.2140e+10  16.7%     - 6484s
     0     0 2.2141e+10    0   49 2.6583e+10 2.2141e+10  16.7%     - 6574s
     0     0 2.2141e+10    0   49 2.6583e+10 2.2141e+10  16.7%     - 6619s
     0     0 2.2141e+10    0   49 2.6583e+10 2.2141e+10  16.7%     - 6712s
     0     0 2.2164e+10    0   46 2.6583e+10 2.2164e+10  16.6%     - 6889s
     0     0 2.2167e+10    0   50 2.6583e+10 2.2167e+10  16.6%     - 7189s
     0     0 2.2167e+10    0   49 2.6583e+10 2.2167e+10  16.6%     - 7239s
     0     0 2.2174e+10    0   47 2.6583e+10 2.2174e+10  16.6%     - 7293s
     0     0 2.2190e+10    0   49 2.6583e+10 2.2190e+10  16.5%     - 7634s
     0     0 2.2190e+10    0   49 2.6583e+10 2.2190e+10  16.5%     - 7915s
     0     0 2.2203e+10    0   49 2.6583e+10 2.2203e+10  16.5%     - 8072s
H    0     0                    2.624127e+10 2.2203e+10  15.4%     - 8458s
     0     0 2.2203e+10    0   48 2.6241e+10 2.2203e+10  15.4%     - 8584s
     0     0 2.2221e+10    0   49 2.6241e+10 2.2221e+10  15.3%     - 8700s
     0     0 2.2221e+10    0   47 2.6241e+10 2.2221e+10  15.3%     - 8874s
     0     0 2.2223e+10    0   52 2.6241e+10 2.2223e+10  15.3%     - 8950s
     0     0 2.2223e+10    0   52 2.6241e+10 2.2223e+10  15.3%     - 9415s
     0     0 2.2225e+10    0   51 2.6241e+10 2.2225e+10  15.3%     - 9472s
     0     0 2.2248e+10    0   50 2.6241e+10 2.2248e+10  15.2%     - 9816s
     0     0 2.2250e+10    0   50 2.6241e+10 2.2250e+10  15.2%     - 10236s
     0     0 2.2250e+10    0   51 2.6241e+10 2.2250e+10  15.2%     - 10309s
     0     0 2.2258e+10    0   50 2.6241e+10 2.2258e+10  15.2%     - 10599s
H    0     0                    2.594051e+10 2.2258e+10  14.2%     - 11113s
     0     0 2.2260e+10    0   49 2.5941e+10 2.2260e+10  14.2%     - 11187s
     0     0 2.2260e+10    0   50 2.5941e+10 2.2260e+10  14.2%     - 11383s
     0     0 2.2260e+10    0   50 2.5941e+10 2.2260e+10  14.2%     - 11630s
     0     0 2.2260e+10    0   51 2.5941e+10 2.2260e+10  14.2%     - 11770s
H    0     0                    2.528666e+10 2.2260e+10  12.0%     - 11887s
     0     0 2.2260e+10    0   52 2.5287e+10 2.2260e+10  12.0%     - 11928s
     0     0 2.2260e+10    0   52 2.5287e+10 2.2260e+10  12.0%     - 12269s
     0     0 2.2260e+10    0   52 2.5287e+10 2.2260e+10  12.0%     - 12370s
     0     0 2.2260e+10    0   52 2.5287e+10 2.2260e+10  12.0%     - 12513s
     0     0 2.2260e+10    0   52 2.5287e+10 2.2260e+10  12.0%     - 12630s
     0     0 2.2260e+10    0   52 2.5287e+10 2.2260e+10  12.0%     - 12816s
     0     0 2.2260e+10    0   52 2.5287e+10 2.2260e+10  12.0%     - 13082s
     0     2 2.2260e+10    0   52 2.5287e+10 2.2260e+10  12.0%     - 14316s
     1     3 2.2344e+10    1   49 2.5287e+10 2.2260e+10  12.0% 99691 14815s
     2     4 2.2330e+10    1   59 2.5287e+10 2.2330e+10  11.7% 99912 15496s
     3     7 2.2353e+10    2   53 2.5287e+10 2.2330e+10  11.7% 105938 17697s
     6    11 2.2407e+10    3   58 2.5287e+10 2.2330e+10  11.7% 102568 19011s
    10    19 2.2457e+10    4   59 2.5287e+10 2.2330e+10  11.7% 84870 20216s
    18    23 2.2664e+10    5   49 2.5287e+10 2.2330e+10  11.7% 61154 21205s
    22    29 2.2589e+10    6   48 2.5287e+10 2.2330e+10  11.7% 59179 22213s
    28    33 2.2585e+10    7   49 2.5287e+10 2.2330e+10  11.7% 54741 23316s
    32    42 2.2595e+10    8   48 2.5287e+10 2.2330e+10  11.7% 50775 24401s
    41    46 2.2669e+10   10   48 2.5287e+10 2.2330e+10  11.7% 46330 25176s
    45    50 2.2675e+10   10   46 2.5287e+10 2.2330e+10  11.7% 44942 25713s
    49    58 2.2803e+10   11   46 2.5287e+10 2.2330e+10  11.7% 42177 26520s
    57    61 2.2770e+10   12   48 2.5287e+10 2.2330e+10  11.7% 38947 27269s
    60    67 2.2800e+10   13   52 2.5287e+10 2.2330e+10  11.7% 38644 28281s
    66    70 2.2903e+10   16   44 2.5287e+10 2.2330e+10  11.7% 37110 29243s
    69    76 2.2912e+10   14   51 2.5287e+10 2.2330e+10  11.7% 36846 30201s
    75    81 2.3055e+10   15   45 2.5287e+10 2.2330e+10  11.7% 36885 31123s
    80    87 2.3115e+10   16   48 2.5287e+10 2.2330e+10  11.7% 35944 31944s
    86    91 2.3151e+10   20   42 2.5287e+10 2.2330e+10  11.7% 35259 32704s
    90    95 2.3293e+10   17   44 2.5287e+10 2.2330e+10  11.7% 34753 33492s
    94   103 2.3295e+10   18   39 2.5287e+10 2.2330e+10  11.7% 34906 34290s
   102   111 2.3394e+10   18   42 2.5287e+10 2.2330e+10  11.7% 33989 35046s
   110   117 2.3365e+10   22   43 2.5287e+10 2.2330e+10  11.7% 32955 35841s
   116   123 2.3420e+10   24   44 2.5287e+10 2.2330e+10  11.7% 32496 36661s
H  117   123                    2.466848e+10 2.2330e+10  9.48% 32218 36661s
   122   128 2.3470e+10   23   43 2.4668e+10 2.2330e+10  9.48% 32113 37508s
   127   134 2.3439e+10   25   44 2.4668e+10 2.2330e+10  9.48% 31495 38464s
   133   141 2.3606e+10   29   37 2.4668e+10 2.2330e+10  9.48% 30730 39414s
   140   150 2.3526e+10   28   40 2.4668e+10 2.2330e+10  9.48% 30220 40409s
   149   156 2.3678e+10   29   35 2.4668e+10 2.2330e+10  9.48% 29576 41482s
   155   165 2.3615e+10   31   38 2.4668e+10 2.2330e+10  9.48% 29468 42566s
   164   172 2.3755e+10   31   38 2.4668e+10 2.2330e+10  9.48% 29371 43695s
   171   174 2.3654e+10   33   39 2.4668e+10 2.2330e+10  9.48% 29735 44665s
   173   180 2.3730e+10   34   39 2.4668e+10 2.2330e+10  9.48% 29680 45877s
   179   187 2.3731e+10   35   41 2.4668e+10 2.2330e+10  9.48% 29740 47173s
   186   199 2.3753e+10   38   40 2.4668e+10 2.2330e+10  9.48% 30140 48899s
H  191   199                    2.458961e+10 2.2330e+10  9.19% 30018 48899s
   198   221 2.3756e+10   40   38 2.4590e+10 2.2330e+10  9.19% 29759 50306s
   220   233 2.3662e+10   52   31 2.4590e+10 2.2330e+10  9.19% 27751 51682s
   232   244 2.3767e+10   46   32 2.4590e+10 2.2330e+10  9.19% 27411 53153s
   243   258 2.3847e+10   44   34 2.4590e+10 2.2330e+10  9.19% 27278 54547s
   257   270 2.3901e+10   47   36 2.4590e+10 2.2330e+10  9.19% 26998 55970s
   271   276 2.3960e+10   59   32 2.4590e+10 2.2330e+10  9.19% 26294 57682s
   281   288     cutoff   58      2.4590e+10 2.2356e+10  9.09% 26165 59408s
   295   314 2.2572e+10    3   48 2.4590e+10 2.2356e+10  9.09% 25837 61516s
   323   342 2.2719e+10    4   49 2.4590e+10 2.2356e+10  9.09% 25416 63465s
   351   376 2.2768e+10    7   46 2.4590e+10 2.2356e+10  9.09% 24541 65250s
   385   399 2.2837e+10   10   48 2.4590e+10 2.2356e+10  9.09% 23773 67259s
   408   433 2.2861e+10   13   48 2.4590e+10 2.2356e+10  9.09% 23723 69051s
H  433   431                    2.457714e+10 2.2356e+10  9.04% 23047 69051s
   442   454 2.2939e+10   19   43 2.4577e+10 2.2356e+10  9.04% 23008 71071s
   465   487 2.2994e+10   19   41 2.4577e+10 2.2356e+10  9.04% 22941 72933s
   498   520 2.3025e+10   21   44 2.4577e+10 2.2356e+10  9.04% 22390 74608s
H  505   492                    2.444895e+10 2.2356e+10  8.56% 22216 74608s
   531   494 2.3079e+10   20   41 2.4449e+10 2.2356e+10  8.56% 21531 77087s
   563   501 2.3050e+10   22   47 2.4449e+10 2.2356e+10  8.56% 21244 79317s
   577   518 2.3169e+10   24   39 2.4449e+10 2.2356e+10  8.56% 21262 81870s
   600   552 2.3222e+10   30   36 2.4449e+10 2.2356e+10  8.56% 21375 84477s
   634   567 2.3330e+10   40   31 2.4449e+10 2.2356e+10  8.56% 21327 86400s

Cutting planes:
  Gomory: 3
  Implied bound: 527
  MIR: 4109
  Flow cover: 1452
  Relax-and-lift: 215

Explored 649 nodes (14664797 simplex iterations) in 86400.87 seconds (72536.35 work units)
Thread count was 8 (of 8 available processors)

Solution count 10: 2.44489e+10 2.45771e+10 2.45896e+10 ... 6.33826e+10

Time limit reached
Best objective 2.444894751739e+10, best bound 2.235561393739e+10, gap 8.5621%
